[avstechnolabs.com/Themeforest/Gaspar/02/Light/index.html]
[backblue.gif]
[fade.gif]
[index.html]
[avstechnolabs.com/Themeforest/Gaspar/02/Light/assets/img/favicon.png]
[avstechnolabs.com/Themeforest/Gaspar/02/Light/assets/img/colors/orange.png]
[avstechnolabs.com/Themeforest/Gaspar/02/Light/assets/img/colors/purple.png]
[avstechnolabs.com/Themeforest/Gaspar/02/Light/assets/img/colors/red.png]
[avstechnolabs.com/Themeforest/Gaspar/02/Light/assets/img/colors/violet.png]
[avstechnolabs.com/Themeforest/Gaspar/02/Light/assets/img/colors/blue.png]
[avstechnolabs.com/Themeforest/Gaspar/02/Light/assets/img/colors/golden.png]
[avstechnolabs.com/Themeforest/Gaspar/02/Light/assets/img/colors/magenta.png]
[avstechnolabs.com/Themeforest/Gaspar/02/Light/assets/img/colors/yellowgreen.png]
[avstechnolabs.com/Themeforest/Gaspar/02/Light/assets/img/colors/green.png]
[avstechnolabs.com/Themeforest/Gaspar/02/Light/assets/img/colors/yellow.png]
[avstechnolabs.com/Themeforest/Gaspar/02/Light/assets/img/me.jpg]
[avstechnolabs.com/Themeforest/Gaspar/02/Light/assets/img/hero-bg.jpg]
[avstechnolabs.com/Themeforest/Gaspar/02/Light/assets/img/testimonials/testimonials-1.jpg]
[avstechnolabs.com/Themeforest/Gaspar/02/Light/assets/img/testimonials/testimonials-2.jpg]
[avstechnolabs.com/Themeforest/Gaspar/02/Light/assets/img/testimonials/testimonials-3.jpg]
[avstechnolabs.com/Themeforest/Gaspar/02/Light/assets/img/testimonials/testimonials-4.jpg]
[avstechnolabs.com/Themeforest/Gaspar/02/Light/assets/img/testimonials/testimonials-5.jpg]
[avstechnolabs.com/Themeforest/Gaspar/02/Light/assets/img/portfolio/portfolio-1.jpg]
[avstechnolabs.com/Themeforest/Gaspar/02/Light/portfolio-details.html]
[avstechnolabs.com/Themeforest/Gaspar/02/Light/assets/img/portfolio/portfolio-2.jpg]
[avstechnolabs.com/Themeforest/Gaspar/02/Light/assets/img/portfolio/portfolio-3.jpg]
[avstechnolabs.com/Themeforest/Gaspar/02/Light/assets/img/portfolio/portfolio-4.jpg]
[avstechnolabs.com/Themeforest/Gaspar/02/Light/assets/img/portfolio/portfolio-5.jpg]
[avstechnolabs.com/Themeforest/Gaspar/02/Light/assets/img/portfolio/portfolio-6.jpg]
[avstechnolabs.com/Themeforest/Gaspar/02/Light/assets/img/portfolio/portfolio-7.jpg]
[avstechnolabs.com/Themeforest/Gaspar/02/Light/assets/img/portfolio/portfolio-8.jpg]
[avstechnolabs.com/Themeforest/Gaspar/02/Light/assets/img/portfolio/portfolio-9.jpg]
[avstechnolabs.com/Themeforest/Gaspar/02/Light/blog-page.html]
[avstechnolabs.com/Themeforest/Gaspar/02/Light/assets/img/blog/01.jpg]
[avstechnolabs.com/Themeforest/Gaspar/02/Light/assets/img/blog/02.jpg]
[avstechnolabs.com/Themeforest/Gaspar/02/Light/assets/img/blog/03.jpg]
[avstechnolabs.com/Themeforest/Gaspar/02/Light/assets/js/purecounter.js]
[avstechnolabs.com/Themeforest/Gaspar/02/Light/assets/js/bootstrap.bundle.min.js]
[avstechnolabs.com/Themeforest/Gaspar/02/Light/assets/js/glightbox.min.js]
[avstechnolabs.com/Themeforest/Gaspar/02/Light/assets/js/isotope.pkgd.min.js]
[avstechnolabs.com/Themeforest/Gaspar/02/Light/assets/js/swiper-bundle.min.js]
[avstechnolabs.com/Themeforest/Gaspar/02/Light/assets/js/noframework.waypoints.js]
[avstechnolabs.com/Themeforest/Gaspar/02/Light/assets/js/jquery.min.js]
[avstechnolabs.com/Themeforest/Gaspar/02/Light/assets/js/wow.min.js]
[avstechnolabs.com/Themeforest/Gaspar/02/Light/assets/js/typed.js]
[avstechnolabs.com/Themeforest/Gaspar/02/Light/assets/js/color.js]
[avstechnolabs.com/Themeforest/Gaspar/02/Light/assets/js/style.switch.js]
[avstechnolabs.com/Themeforest/Gaspar/02/Light/assets/js/main.js]
[avstechnolabs.com/Themeforest/Gaspar/02/Light/index.html]
[avstechnolabs.com/Themeforest/Gaspar/02/Light/assets/fonts/fonts.css]
[avstechnolabs.com/Themeforest/Gaspar/02/Light/assets/css/bootstrap.min.css]
[avstechnolabs.com/Themeforest/Gaspar/02/Light/assets/webfonts/fa-brands-400.eot]
[avstechnolabs.com/Themeforest/Gaspar/02/Light/assets/webfonts/fa-brands-400d41d.eot]
[avstechnolabs.com/Themeforest/Gaspar/02/Light/assets/webfonts/fa-brands-400.woff2]
[avstechnolabs.com/Themeforest/Gaspar/02/Light/assets/webfonts/fa-brands-400.woff]
[avstechnolabs.com/Themeforest/Gaspar/02/Light/assets/webfonts/fa-brands-400.ttf]
[avstechnolabs.com/Themeforest/Gaspar/02/Light/assets/webfonts/fa-regular-400.eot]
[avstechnolabs.com/Themeforest/Gaspar/02/Light/assets/webfonts/fa-regular-400d41d.eot]
[avstechnolabs.com/Themeforest/Gaspar/02/Light/assets/webfonts/fa-regular-400.woff2]
[avstechnolabs.com/Themeforest/Gaspar/02/Light/assets/webfonts/fa-regular-400.woff]
[avstechnolabs.com/Themeforest/Gaspar/02/Light/assets/webfonts/fa-regular-400.ttf]
[avstechnolabs.com/Themeforest/Gaspar/02/Light/assets/webfonts/fa-solid-900.eot]
[avstechnolabs.com/Themeforest/Gaspar/02/Light/assets/webfonts/fa-solid-900d41d.eot]
[avstechnolabs.com/Themeforest/Gaspar/02/Light/assets/webfonts/fa-solid-900.woff2]
[avstechnolabs.com/Themeforest/Gaspar/02/Light/assets/webfonts/fa-solid-900.woff]
[avstechnolabs.com/Themeforest/Gaspar/02/Light/assets/webfonts/fa-solid-900.ttf]
[avstechnolabs.com/Themeforest/Gaspar/02/Light/assets/css/all.css]
[avstechnolabs.com/Themeforest/Gaspar/02/Light/assets/css/animate.min.css]
[avstechnolabs.com/Themeforest/Gaspar/02/Light/assets/css/glightbox.min.css]
[avstechnolabs.com/Themeforest/Gaspar/02/Light/assets/css/swiper-bundle.min.css]
[avstechnolabs.com/Themeforest/Gaspar/02/Light/assets/img/hero-bg1.jpg]
[avstechnolabs.com/Themeforest/Gaspar/02/Light/assets/img/hero-bg4.jpg]
[avstechnolabs.com/Themeforest/Gaspar/02/Light/assets/img/testimonials-bg.jpg]
[avstechnolabs.com/Themeforest/Gaspar/02/Light/assets/css/style.css]
[avstechnolabs.com/Themeforest/Gaspar/02/Light/assets/css/colors.css]
[avstechnolabs.com/Themeforest/Gaspar/02/Light/assets/css/colors/orange.css]
[avstechnolabs.com/Themeforest/Gaspar/02/Light/assets/css/responsive.css]
[avstechnolabs.com/Themeforest/Gaspar/02/Light/assets/img/portfolio/portfolio-details-1.jpg]
[avstechnolabs.com/Themeforest/Gaspar/02/Light/assets/img/portfolio/portfolio-details-2.jpg]
[avstechnolabs.com/Themeforest/Gaspar/02/Light/assets/img/portfolio/portfolio-details-3.jpg]
[avstechnolabs.com/Themeforest/Gaspar/02/Light/portfolio-details.html]
[avstechnolabs.com/Themeforest/Gaspar/02/Light/blog-page.html]
[avstechnolabs.com/Themeforest/Gaspar/02/Light/assets/webfonts/fa-brands-400.svg]
[avstechnolabs.com/Themeforest/Gaspar/02/Light/assets/webfonts/fa-regular-400.svg]
[avstechnolabs.com/Themeforest/Gaspar/02/Light/assets/webfonts/fa-solid-900.svg]
